../Core/Src/LCD_Keypad.c:10:6:pulseEnable	8	static
../Core/Src/LCD_Keypad.c:22:6:write4bits	16	static
../Core/Src/LCD_Keypad.c:31:6:write	16	static
../Core/Src/LCD_Keypad.c:39:6:LCD_init	8	static
../Core/Src/LCD_Keypad.c:77:6:LCD_clear	8	static
../Core/Src/LCD_Keypad.c:83:6:LCD_print	16	static
../Core/Src/LCD_Keypad.c:92:6:KPAD_init	16	static
../Core/Src/LCD_Keypad.c:99:5:KPAD_getkey	4	static
../Core/Src/LCD_Keypad.c:104:5:KPAD_getvalue	8	static
../Core/Src/LCD_Keypad.c:114:6:KPAD_IsKeyPressed	16	static
