Archive member included to satisfy reference by file (symbol)

C:/nonSystem/IT/Programs/STM32/STM32CubeIDE_1.13.2/STM32CubeIDE/plugins/com.st.stm32cube.ide.mcu.externaltools.gnu-tools-for-stm32.11.3.rel1.win32_1.1.1.202309131626/tools/bin/../lib/gcc/arm-none-eabi/11.3.1/../../../../arm-none-eabi/lib/thumb/v7e-m+fp/hard\libc_nano.a(libc_a-exit.o)
                              C:/nonSystem/IT/Programs/STM32/STM32CubeIDE_1.13.2/STM32CubeIDE/plugins/com.st.stm32cube.ide.mcu.externaltools.gnu-tools-for-stm32.11.3.rel1.win32_1.1.1.202309131626/tools/bin/../lib/gcc/arm-none-eabi/11.3.1/../../../../arm-none-eabi/lib/thumb/v7e-m+fp/hard/crt0.o (exit)
C:/nonSystem/IT/Programs/STM32/STM32CubeIDE_1.13.2/STM32CubeIDE/plugins/com.st.stm32cube.ide.mcu.externaltools.gnu-tools-for-stm32.11.3.rel1.win32_1.1.1.202309131626/tools/bin/../lib/gcc/arm-none-eabi/11.3.1/../../../../arm-none-eabi/lib/thumb/v7e-m+fp/hard\libc_nano.a(libc_a-findfp.o)
                              C:/nonSystem/IT/Programs/STM32/STM32CubeIDE_1.13.2/STM32CubeIDE/plugins/com.st.stm32cube.ide.mcu.externaltools.gnu-tools-for-stm32.11.3.rel1.win32_1.1.1.202309131626/tools/bin/../lib/gcc/arm-none-eabi/11.3.1/../../../../arm-none-eabi/lib/thumb/v7e-m+fp/hard\libc_nano.a(libc_a-exit.o) (__stdio_exit_handler)
C:/nonSystem/IT/Programs/STM32/STM32CubeIDE_1.13.2/STM32CubeIDE/plugins/com.st.stm32cube.ide.mcu.externaltools.gnu-tools-for-stm32.11.3.rel1.win32_1.1.1.202309131626/tools/bin/../lib/gcc/arm-none-eabi/11.3.1/../../../../arm-none-eabi/lib/thumb/v7e-m+fp/hard\libc_nano.a(libc_a-fwalk.o)
                              C:/nonSystem/IT/Programs/STM32/STM32CubeIDE_1.13.2/STM32CubeIDE/plugins/com.st.stm32cube.ide.mcu.externaltools.gnu-tools-for-stm32.11.3.rel1.win32_1.1.1.202309131626/tools/bin/../lib/gcc/arm-none-eabi/11.3.1/../../../../arm-none-eabi/lib/thumb/v7e-m+fp/hard\libc_nano.a(libc_a-findfp.o) (_fwalk_sglue)
C:/nonSystem/IT/Programs/STM32/STM32CubeIDE_1.13.2/STM32CubeIDE/plugins/com.st.stm32cube.ide.mcu.externaltools.gnu-tools-for-stm32.11.3.rel1.win32_1.1.1.202309131626/tools/bin/../lib/gcc/arm-none-eabi/11.3.1/../../../../arm-none-eabi/lib/thumb/v7e-m+fp/hard\libc_nano.a(libc_a-stdio.o)
                              C:/nonSystem/IT/Programs/STM32/STM32CubeIDE_1.13.2/STM32CubeIDE/plugins/com.st.stm32cube.ide.mcu.externaltools.gnu-tools-for-stm32.11.3.rel1.win32_1.1.1.202309131626/tools/bin/../lib/gcc/arm-none-eabi/11.3.1/../../../../arm-none-eabi/lib/thumb/v7e-m+fp/hard\libc_nano.a(libc_a-findfp.o) (__sread)
C:/nonSystem/IT/Programs/STM32/STM32CubeIDE_1.13.2/STM32CubeIDE/plugins/com.st.stm32cube.ide.mcu.externaltools.gnu-tools-for-stm32.11.3.rel1.win32_1.1.1.202309131626/tools/bin/../lib/gcc/arm-none-eabi/11.3.1/../../../../arm-none-eabi/lib/thumb/v7e-m+fp/hard\libc_nano.a(libc_a-memset.o)
                              C:/nonSystem/IT/Programs/STM32/STM32CubeIDE_1.13.2/STM32CubeIDE/plugins/com.st.stm32cube.ide.mcu.externaltools.gnu-tools-for-stm32.11.3.rel1.win32_1.1.1.202309131626/tools/bin/../lib/gcc/arm-none-eabi/11.3.1/../../../../arm-none-eabi/lib/thumb/v7e-m+fp/hard/crt0.o (memset)
C:/nonSystem/IT/Programs/STM32/STM32CubeIDE_1.13.2/STM32CubeIDE/plugins/com.st.stm32cube.ide.mcu.externaltools.gnu-tools-for-stm32.11.3.rel1.win32_1.1.1.202309131626/tools/bin/../lib/gcc/arm-none-eabi/11.3.1/../../../../arm-none-eabi/lib/thumb/v7e-m+fp/hard\libc_nano.a(libc_a-closer.o)
                              C:/nonSystem/IT/Programs/STM32/STM32CubeIDE_1.13.2/STM32CubeIDE/plugins/com.st.stm32cube.ide.mcu.externaltools.gnu-tools-for-stm32.11.3.rel1.win32_1.1.1.202309131626/tools/bin/../lib/gcc/arm-none-eabi/11.3.1/../../../../arm-none-eabi/lib/thumb/v7e-m+fp/hard\libc_nano.a(libc_a-stdio.o) (_close_r)
C:/nonSystem/IT/Programs/STM32/STM32CubeIDE_1.13.2/STM32CubeIDE/plugins/com.st.stm32cube.ide.mcu.externaltools.gnu-tools-for-stm32.11.3.rel1.win32_1.1.1.202309131626/tools/bin/../lib/gcc/arm-none-eabi/11.3.1/../../../../arm-none-eabi/lib/thumb/v7e-m+fp/hard\libc_nano.a(libc_a-reent.o)
                              C:/nonSystem/IT/Programs/STM32/STM32CubeIDE_1.13.2/STM32CubeIDE/plugins/com.st.stm32cube.ide.mcu.externaltools.gnu-tools-for-stm32.11.3.rel1.win32_1.1.1.202309131626/tools/bin/../lib/gcc/arm-none-eabi/11.3.1/../../../../arm-none-eabi/lib/thumb/v7e-m+fp/hard\libc_nano.a(libc_a-closer.o) (errno)
C:/nonSystem/IT/Programs/STM32/STM32CubeIDE_1.13.2/STM32CubeIDE/plugins/com.st.stm32cube.ide.mcu.externaltools.gnu-tools-for-stm32.11.3.rel1.win32_1.1.1.202309131626/tools/bin/../lib/gcc/arm-none-eabi/11.3.1/../../../../arm-none-eabi/lib/thumb/v7e-m+fp/hard\libc_nano.a(libc_a-impure.o)
                              C:/nonSystem/IT/Programs/STM32/STM32CubeIDE_1.13.2/STM32CubeIDE/plugins/com.st.stm32cube.ide.mcu.externaltools.gnu-tools-for-stm32.11.3.rel1.win32_1.1.1.202309131626/tools/bin/../lib/gcc/arm-none-eabi/11.3.1/../../../../arm-none-eabi/lib/thumb/v7e-m+fp/hard\libc_nano.a(libc_a-reent.o) (_impure_ptr)
[...]
Memory Configuration

Name             Origin             Length             Attributes
RAM              0x0000000020000000 0x0000000000018000 xrw
RAM2             0x0000000010000000 0x0000000000008000 xrw
FLASH            0x0000000008000000 0x0000000000100000 xr
*default*        0x0000000000000000 0xffffffffffffffff

Linker script and memory map

LOAD C:/nonSystem/IT/Programs/STM32/STM32CubeIDE_1.13.2/STM32CubeIDE/plugins/com.st.stm32cube.ide.mcu.externaltools.gnu-tools-for-stm32.11.3.rel1.win32_1.1.1.202309131626/tools/bin/../lib/gcc/arm-none-eabi/11.3.1/thumb/v7e-m+fp/hard/crti.o
LOAD C:/nonSystem/IT/Programs/STM32/STM32CubeIDE_1.13.2/STM32CubeIDE/plugins/com.st.stm32cube.ide.mcu.externaltools.gnu-tools-for-stm32.11.3.rel1.win32_1.1.1.202309131626/tools/bin/../lib/gcc/arm-none-eabi/11.3.1/thumb/v7e-m+fp/hard/crtbegin.o
LOAD C:/nonSystem/IT/Programs/STM32/STM32CubeIDE_1.13.2/STM32CubeIDE/plugins/com.st.stm32cube.ide.mcu.externaltools.gnu-tools-for-stm32.11.3.rel1.win32_1.1.1.202309131626/tools/bin/../lib/gcc/arm-none-eabi/11.3.1/../../../../arm-none-eabi/lib/thumb/v7e-m+fp/hard/crt0.o
LOAD ./Core/Src/LCD_Keypad.o
LOAD ./Core/Src/lcd.o
LOAD ./Core/Src/main.o
LOAD ./Core/Src/stm32l4xx_hal_msp.o
LOAD ./Core/Src/stm32l4xx_it.o
LOAD ./Core/Src/syscalls.o
LOAD ./Core/Src/sysmem.o
LOAD ./Core/Src/system_stm32l4xx.o
LOAD ./Core/Startup/startup_stm32l476rgtx.o
LOAD ./Drivers/STM32L4xx_HAL_Driver/Src/stm32l4xx_hal.o
LOAD ./Drivers/STM32L4xx_HAL_Driver/Src/stm32l4xx_hal_adc.o
LOAD ./Drivers/STM32L4xx_HAL_Driver/Src/stm32l4xx_hal_adc_ex.o
LOAD ./Drivers/STM32L4xx_HAL_Driver/Src/stm32l4xx_hal_cortex.o
LOAD ./Drivers/STM32L4xx_HAL_Driver/Src/stm32l4xx_hal_dma.o
LOAD ./Drivers/STM32L4xx_HAL_Driver/Src/stm32l4xx_hal_dma_ex.o
LOAD ./Drivers/STM32L4xx_HAL_Driver/Src/stm32l4xx_hal_exti.o
LOAD ./Drivers/STM32L4xx_HAL_Driver/Src/stm32l4xx_hal_flash.o
LOAD ./Drivers/STM32L4xx_HAL_Driver/Src/stm32l4xx_hal_flash_ex.o
LOAD ./Drivers/STM32L4xx_HAL_Driver/Src/stm32l4xx_hal_flash_ramfunc.o
LOAD ./Drivers/STM32L4xx_HAL_Driver/Src/stm32l4xx_hal_gpio.o
LOAD ./Drivers/STM32L4xx_HAL_Driver/Src/stm32l4xx_hal_pwr.o
LOAD ./Drivers/STM32L4xx_HAL_Driver/Src/stm32l4xx_hal_pwr_ex.o
LOAD ./Drivers/STM32L4xx_HAL_Driver/Src/stm32l4xx_hal_rcc.o
LOAD ./Drivers/STM32L4xx_HAL_Driver/Src/stm32l4xx_hal_rcc_ex.o
START GROUP
LOAD C:/nonSystem/IT/Programs/STM32/STM32CubeIDE_1.13.2/STM32CubeIDE/plugins/com.st.stm32cube.ide.mcu.externaltools.gnu-tools-for-stm32.11.3.rel1.win32_1.1.1.202309131626/tools/bin/../lib/gcc/arm-none-eabi/11.3.1/../../../../arm-none-eabi/lib/thumb/v7e-m+fp/hard\libc_nano.a
LOAD C:/nonSystem/IT/Programs/STM32/STM32CubeIDE_1.13.2/STM32CubeIDE/plugins/com.st.stm32cube.ide.mcu.externaltools.gnu-tools-for-stm32.11.3.rel1.win32_1.1.1.202309131626/tools/bin/../lib/gcc/arm-none-eabi/11.3.1/../../../../arm-none-eabi/lib/thumb/v7e-m+fp/hard\libm.a
END GROUP
START GROUP
LOAD C:/nonSystem/IT/Programs/STM32/STM32CubeIDE_1.13.2/STM32CubeIDE/plugins/com.st.stm32cube.ide.mcu.externaltools.gnu-tools-for-stm32.11.3.rel1.win32_1.1.1.202309131626/tools/bin/../lib/gcc/arm-none-eabi/11.3.1/thumb/v7e-m+fp/hard\libgcc.a
LOAD C:/nonSystem/IT/Programs/STM32/STM32CubeIDE_1.13.2/STM32CubeIDE/plugins/com.st.stm32cube.ide.mcu.externaltools.gnu-tools-for-stm32.11.3.rel1.win32_1.1.1.202309131626/tools/bin/../lib/gcc/arm-none-eabi/11.3.1/../../../../arm-none-eabi/lib/thumb/v7e-m+fp/hard\libc_nano.a
END GROUP
START GROUP
LOAD C:/nonSystem/IT/Programs/STM32/STM32CubeIDE_1.13.2/STM32CubeIDE/plugins/com.st.stm32cube.ide.mcu.externaltools.gnu-tools-for-stm32.11.3.rel1.win32_1.1.1.202309131626/tools/bin/../lib/gcc/arm-none-eabi/11.3.1/thumb/v7e-m+fp/hard\libgcc.a
LOAD C:/nonSystem/IT/Programs/STM32/STM32CubeIDE_1.13.2/STM32CubeIDE/plugins/com.st.stm32cube.ide.mcu.externaltools.gnu-tools-for-stm32.11.3.rel1.win32_1.1.1.202309131626/tools/bin/../lib/gcc/arm-none-eabi/11.3.1/../../../../arm-none-eabi/lib/thumb/v7e-m+fp/hard\libc_nano.a
LOAD C:/nonSystem/IT/Programs/STM32/STM32CubeIDE_1.13.2/STM32CubeIDE/plugins/com.st.stm32cube.ide.mcu.externaltools.gnu-tools-for-stm32.11.3.rel1.win32_1.1.1.202309131626/tools/bin/../lib/gcc/arm-none-eabi/11.3.1/../../../../arm-none-eabi/lib/thumb/v7e-m+fp/hard\libnosys.a
END GROUP
START GROUP
LOAD C:/nonSystem/IT/Programs/STM32/STM32CubeIDE_1.13.2/STM32CubeIDE/plugins/com.st.stm32cube.ide.mcu.externaltools.gnu-tools-for-stm32.11.3.rel1.win32_1.1.1.202309131626/tools/bin/../lib/gcc/arm-none-eabi/11.3.1/thumb/v7e-m+fp/hard\libgcc.a
LOAD C:/nonSystem/IT/Programs/STM32/STM32CubeIDE_1.13.2/STM32CubeIDE/plugins/com.st.stm32cube.ide.mcu.externaltools.gnu-tools-for-stm32.11.3.rel1.win32_1.1.1.202309131626/tools/bin/../lib/gcc/arm-none-eabi/11.3.1/../../../../arm-none-eabi/lib/thumb/v7e-m+fp/hard\libc_nano.a
LOAD C:/nonSystem/IT/Programs/STM32/STM32CubeIDE_1.13.2/STM32CubeIDE/plugins/com.st.stm32cube.ide.mcu.externaltools.gnu-tools-for-stm32.11.3.rel1.win32_1.1.1.202309131626/tools/bin/../lib/gcc/arm-none-eabi/11.3.1/../../../../arm-none-eabi/lib/thumb/v7e-m+fp/hard\libnosys.a
END GROUP
LOAD C:/nonSystem/IT/Programs/STM32/STM32CubeIDE_1.13.2/STM32CubeIDE/plugins/com.st.stm32cube.ide.mcu.externaltools.gnu-tools-for-stm32.11.3.rel1.win32_1.1.1.202309131626/tools/bin/../lib/gcc/arm-none-eabi/11.3.1/thumb/v7e-m+fp/hard/crtend.o
LOAD C:/nonSystem/IT/Programs/STM32/STM32CubeIDE_1.13.2/STM32CubeIDE/plugins/com.st.stm32cube.ide.mcu.externaltools.gnu-tools-for-stm32.11.3.rel1.win32_1.1.1.202309131626/tools/bin/../lib/gcc/arm-none-eabi/11.3.1/thumb/v7e-m+fp/hard/crtn.o
                0x0000000020018000                _estack = (ORIGIN (RAM) + LENGTH (RAM))
                0x0000000000000200                _Min_Heap_Size = 0x200
                0x0000000000000400                _Min_Stack_Size = 0x400

.isr_vector     0x0000000008000000      0x188
                0x0000000008000000                . = ALIGN (0x4)
 *(.isr_vector)
 .isr_vector    0x0000000008000000      0x188 ./Core/Startup/startup_stm32l476rgtx.o
                0x0000000008000000                g_pfnVectors
                0x0000000008000188                . = ALIGN (0x4)

.text           0x0000000008000188     0x3820
                0x0000000008000188                . = ALIGN (0x4)
 *(.text)
 .text          0x0000000008000188       0x40 C:/nonSystem/IT/Programs/STM32/STM32CubeIDE_1.13.2/STM32CubeIDE/plugins/com.st.stm32cube.ide.mcu.externaltools.gnu-tools-for-stm32.11.3.rel1.win32_1.1.1.202309131626/tools/bin/../lib/gcc/arm-none-eabi/11.3.1/thumb/v7e-m+fp/hard/crtbegin.o
 *(.text*)
 .text.Delay    0x00000000080001c8       0x24 ./Core/Src/lcd.o
                0x00000000080001c8                Delay
 .text.lcd_delay
                0x00000000080001ec        0xe ./Core/Src/lcd.o
                0x00000000080001ec                lcd_delay
 *fill*         0x00000000080001fa        0x2 
 .text.lcd_cmd  0x00000000080001fc      0x198 ./Core/Src/lcd.o
                0x00000000080001fc                lcd_cmd
 .text.lcd_char_cp
                0x0000000008000394      0x19c ./Core/Src/lcd.o
                0x0000000008000394                lcd_char_cp
 .text.lcd_init
                0x0000000008000530       0x7c ./Core/Src/lcd.o
                0x0000000008000530                lcd_init
 .text.lcd_gotoxy
                0x00000000080005ac       0x44 ./Core/Src/lcd.o
                0x00000000080005ac                lcd_gotoxy
 .text.lcd_clear
                0x00000000080005f0       0x14 ./Core/Src/lcd.o
                0x00000000080005f0                lcd_clear
 .text.main     0x0000000008000604      0x268 ./Core/Src/main.o
                0x0000000008000604                main
 .text.SystemClock_Config
                0x000000000800086c       0x8c ./Core/Src/main.o
                0x000000000800086c                SystemClock_Config
 .text.MX_ADC1_Init
                0x00000000080008f8       0xec ./Core/Src/main.o
 .text.MX_GPIO_Init
                0x00000000080009e4      0x11c ./Core/Src/main.o
 .text.Error_Handler
                0x0000000008000b00        0xa ./Core/Src/main.o
                0x0000000008000b00                Error_Handler
 *fill*         0x0000000008000b0a        0x2 
 .text.HAL_MspInit
                0x0000000008000b0c       0x48 ./Core/Src/stm32l4xx_hal_msp.o
                0x0000000008000b0c                HAL_MspInit
 .text.HAL_ADC_MspInit
                0x0000000008000b54       0xd0 ./Core/Src/stm32l4xx_hal_msp.o
                0x0000000008000b54                HAL_ADC_MspInit
 .text.NMI_Handler
                0x0000000008000c24        0x6 ./Core/Src/stm32l4xx_it.o
                0x0000000008000c24                NMI_Handler
 .text.HardFault_Handler
                0x0000000008000c2a        0x6 ./Core/Src/stm32l4xx_it.o
                0x0000000008000c2a                HardFault_Handler
 .text.MemManage_Handler
                0x0000000008000c30        0x6 ./Core/Src/stm32l4xx_it.o
                0x0000000008000c30                MemManage_Handler
 .text.BusFault_Handler
                0x0000000008000c36        0x6 ./Core/Src/stm32l4xx_it.o
                0x0000000008000c36                BusFault_Handler
 .text.UsageFault_Handler
                0x0000000008000c3c        0x6 ./Core/Src/stm32l4xx_it.o
                0x0000000008000c3c                UsageFault_Handler
 .text.SVC_Handler
                0x0000000008000c42        0xe ./Core/Src/stm32l4xx_it.o
                0x0000000008000c42                SVC_Handler
 .text.DebugMon_Handler
                0x0000000008000c50        0xe ./Core/Src/stm32l4xx_it.o
                0x0000000008000c50                DebugMon_Handler
 .text.PendSV_Handler
                0x0000000008000c5e        0xe ./Core/Src/stm32l4xx_it.o
                0x0000000008000c5e                PendSV_Handler
 .text.SysTick_Handler
                0x0000000008000c6c        0xc ./Core/Src/stm32l4xx_it.o
                0x0000000008000c6c                SysTick_Handler
 .text.EXTI15_10_IRQHandler
                0x0000000008000c78       0x10 ./Core/Src/stm32l4xx_it.o
                0x0000000008000c78                EXTI15_10_IRQHandler
 .text.SystemInit
                0x0000000008000c88       0x24 ./Core/Src/system_stm32l4xx.o
                0x0000000008000c88                SystemInit
 .text.Reset_Handler
                0x0000000008000cac       0x50 ./Core/Startup/startup_stm32l476rgtx.o
                0x0000000008000cac                Reset_Handler
 .text.Default_Handler
                0x0000000008000cfc        0x2 ./Core/Startup/startup_stm32l476rgtx.o
                0x0000000008000cfc                RTC_Alarm_IRQHandler
                0x0000000008000cfc                EXTI2_IRQHandler
                0x0000000008000cfc                TIM8_TRG_COM_IRQHandler
                0x0000000008000cfc                TIM8_CC_IRQHandler
                0x0000000008000cfc                TIM1_CC_IRQHandler
                0x0000000008000cfc                TSC_IRQHandler
                0x0000000008000cfc                TAMP_STAMP_IRQHandler
                0x0000000008000cfc                EXTI3_IRQHandler
                0x0000000008000cfc                LPTIM2_IRQHandler
                0x0000000008000cfc                DFSDM1_FLT1_IRQHandler
                0x0000000008000cfc                I2C3_ER_IRQHandler
                0x0000000008000cfc                DFSDM1_FLT2_IRQHandler
                0x0000000008000cfc                EXTI0_IRQHandler
                0x0000000008000cfc                I2C2_EV_IRQHandler
                0x0000000008000cfc                CAN1_RX0_IRQHandler
                0x0000000008000cfc                FPU_IRQHandler
                0x0000000008000cfc                TIM1_UP_TIM16_IRQHandler
                0x0000000008000cfc                ADC1_2_IRQHandler
                0x0000000008000cfc                SPI1_IRQHandler
                0x0000000008000cfc                TIM6_DAC_IRQHandler
                0x0000000008000cfc                TIM8_UP_IRQHandler
                0x0000000008000cfc                DMA2_Channel2_IRQHandler
                0x0000000008000cfc                DMA1_Channel4_IRQHandler
                0x0000000008000cfc                SAI2_IRQHandler
                0x0000000008000cfc                DFSDM1_FLT3_IRQHandler
                0x0000000008000cfc                USART3_IRQHandler
                0x0000000008000cfc                DMA1_Channel7_IRQHandler
                0x0000000008000cfc                CAN1_RX1_IRQHandler
                0x0000000008000cfc                LCD_IRQHandler
                0x0000000008000cfc                UART5_IRQHandler
                0x0000000008000cfc                ADC3_IRQHandler
                0x0000000008000cfc                TIM4_IRQHandler
                0x0000000008000cfc                DMA2_Channel1_IRQHandler
                0x0000000008000cfc                QUADSPI_IRQHandler
                0x0000000008000cfc                I2C1_EV_IRQHandler
                0x0000000008000cfc                DMA1_Channel6_IRQHandler
                0x0000000008000cfc                UART4_IRQHandler
                0x0000000008000cfc                DMA2_Channel4_IRQHandler
                0x0000000008000cfc                TIM3_IRQHandler
                0x0000000008000cfc                RCC_IRQHandler
                0x0000000008000cfc                DMA1_Channel1_IRQHandler
                0x0000000008000cfc                Default_Handler
                0x0000000008000cfc                DMA2_Channel7_IRQHandler
                0x0000000008000cfc                TIM7_IRQHandler
                0x0000000008000cfc                SDMMC1_IRQHandler
                0x0000000008000cfc                TIM5_IRQHandler
                0x0000000008000cfc                I2C3_EV_IRQHandler
                0x0000000008000cfc                EXTI9_5_IRQHandler
                0x0000000008000cfc                RTC_WKUP_IRQHandler
                0x0000000008000cfc                PVD_PVM_IRQHandler
                0x0000000008000cfc                SPI2_IRQHandler
                0x0000000008000cfc                CAN1_TX_IRQHandler
                0x0000000008000cfc                DMA2_Channel5_IRQHandler
                0x0000000008000cfc                DMA1_Channel5_IRQHandler
                0x0000000008000cfc                EXTI4_IRQHandler
                0x0000000008000cfc                RNG_IRQHandler
                0x0000000008000cfc                TIM1_TRG_COM_TIM17_IRQHandler
                0x0000000008000cfc                DMA1_Channel3_IRQHandler
                0x0000000008000cfc                COMP_IRQHandler
                0x0000000008000cfc                WWDG_IRQHandler
                0x0000000008000cfc                LPUART1_IRQHandler
                0x0000000008000cfc                DMA2_Channel6_IRQHandler
                0x0000000008000cfc                TIM2_IRQHandler
                0x0000000008000cfc                EXTI1_IRQHandler
                0x0000000008000cfc                USART2_IRQHandler
                0x0000000008000cfc                DFSDM1_FLT0_IRQHandler
                0x0000000008000cfc                I2C2_ER_IRQHandler
                0x0000000008000cfc                DMA1_Channel2_IRQHandler
                0x0000000008000cfc                TIM8_BRK_IRQHandler
                0x0000000008000cfc                CAN1_SCE_IRQHandler
                0x0000000008000cfc                FLASH_IRQHandler
                0x0000000008000cfc                USART1_IRQHandler
                0x0000000008000cfc                OTG_FS_IRQHandler
                0x0000000008000cfc                SPI3_IRQHandler
                0x0000000008000cfc                I2C1_ER_IRQHandler
                0x0000000008000cfc                FMC_IRQHandler
                0x0000000008000cfc                SWPMI1_IRQHandler
                0x0000000008000cfc                LPTIM1_IRQHandler
                0x0000000008000cfc                SAI1_IRQHandler
                0x0000000008000cfc                DMA2_Channel3_IRQHandler
                0x0000000008000cfc                TIM1_BRK_TIM15_IRQHandler
 .text.HAL_Init
                0x0000000008000cfe       0x30 ./Drivers/STM32L4xx_HAL_Driver/Src/stm32l4xx_hal.o
                0x0000000008000cfe                HAL_Init
 *fill*         0x0000000008000d2e        0x2 
 .text.HAL_InitTick
                0x0000000008000d30       0x78 ./Drivers/STM32L4xx_HAL_Driver/Src/stm32l4xx_hal.o
                0x0000000008000d30                HAL_InitTick
 .text.HAL_IncTick
                0x0000000008000da8       0x28 ./Drivers/STM32L4xx_HAL_Driver/Src/stm32l4xx_hal.o
                0x0000000008000da8                HAL_IncTick
 .text.HAL_GetTick
                0x0000000008000dd0       0x18 ./Drivers/STM32L4xx_HAL_Driver/Src/stm32l4xx_hal.o
                0x0000000008000dd0                HAL_GetTick
 .text.HAL_Delay
                0x0000000008000de8       0x48 ./Drivers/STM32L4xx_HAL_Driver/Src/stm32l4xx_hal.o
                0x0000000008000de8                HAL_Delay
 .text.LL_ADC_SetCommonClock
                0x0000000008000e30       0x26 ./Drivers/STM32L4xx_HAL_Driver/Src/stm32l4xx_hal_adc.o
 .text.LL_ADC_SetCommonPathInternalCh
                0x0000000008000e56       0x26 ./Drivers/STM32L4xx_HAL_Driver/Src/stm32l4xx_hal_adc.o
 .text.LL_ADC_GetCommonPathInternalCh
                0x0000000008000e7c       0x1c ./Drivers/STM32L4xx_HAL_Driver/Src/stm32l4xx_hal_adc.o
 .text.LL_ADC_SetOffset
                0x0000000008000e98       0x48 ./Drivers/STM32L4xx_HAL_Driver/Src/stm32l4xx_hal_adc.o
 .text.LL_ADC_GetOffsetChannel
                0x0000000008000ee0       0x2c ./Drivers/STM32L4xx_HAL_Driver/Src/stm32l4xx_hal_adc.o
 .text.LL_ADC_SetOffsetState
                0x0000000008000f0c       0x36 ./Drivers/STM32L4xx_HAL_Driver/Src/stm32l4xx_hal_adc.o
 .text.LL_ADC_REG_SetSequencerRanks
                0x0000000008000f42       0x58 ./Drivers/STM32L4xx_HAL_Driver/Src/stm32l4xx_hal_adc.o
 .text.LL_ADC_SetChannelSamplingTime
                0x0000000008000f9a       0x56 ./Drivers/STM32L4xx_HAL_Driver/Src/stm32l4xx_hal_adc.o
 .text.LL_ADC_SetChannelSingleDiff
                0x0000000008000ff0       0x48 ./Drivers/STM32L4xx_HAL_Driver/Src/stm32l4xx_hal_adc.o
 .text.LL_ADC_DisableDeepPowerDown
                0x0000000008001038       0x24 ./Drivers/STM32L4xx_HAL_Driver/Src/stm32l4xx_hal_adc.o
 .text.LL_ADC_IsDeepPowerDownEnabled
                0x000000000800105c       0x28 ./Drivers/STM32L4xx_HAL_Driver/Src/stm32l4xx_hal_adc.o
 .text.LL_ADC_EnableInternalRegulator
                0x0000000008001084       0x28 ./Drivers/STM32L4xx_HAL_Driver/Src/stm32l4xx_hal_adc.o
 .text.LL_ADC_IsInternalRegulatorEnabled
                0x00000000080010ac       0x28 ./Drivers/STM32L4xx_HAL_Driver/Src/stm32l4xx_hal_adc.o
 .text.LL_ADC_IsEnabled
                0x00000000080010d4       0x26 ./Drivers/STM32L4xx_HAL_Driver/Src/stm32l4xx_hal_adc.o
 .text.LL_ADC_REG_IsConversionOngoing
                0x00000000080010fa       0x26 ./Drivers/STM32L4xx_HAL_Driver/Src/stm32l4xx_hal_adc.o
 .text.LL_ADC_INJ_IsConversionOngoing
                0x0000000008001120       0x26 ./Drivers/STM32L4xx_HAL_Driver/Src/stm32l4xx_hal_adc.o
 *fill*         0x0000000008001146        0x2 
 .text.HAL_ADC_Init
                0x0000000008001148      0x2a0 ./Drivers/STM32L4xx_HAL_Driver/Src/stm32l4xx_hal_adc.o
                0x0000000008001148                HAL_ADC_Init
 .text.HAL_ADC_ConfigChannel
                0x00000000080013e8      0x7e4 ./Drivers/STM32L4xx_HAL_Driver/Src/stm32l4xx_hal_adc.o
                0x00000000080013e8                HAL_ADC_ConfigChannel
 .text.LL_ADC_IsEnabled
                0x0000000008001bcc       0x26 ./Drivers/STM32L4xx_HAL_Driver/Src/stm32l4xx_hal_adc_ex.o
 .text.LL_ADC_REG_IsConversionOngoing
                0x0000000008001bf2       0x26 ./Drivers/STM32L4xx_HAL_Driver/Src/stm32l4xx_hal_adc_ex.o
 .text.HAL_ADCEx_MultiModeConfigChannel
                0x0000000008001c18      0x160 ./Drivers/STM32L4xx_HAL_Driver/Src/stm32l4xx_hal_adc_ex.o
                0x0000000008001c18                HAL_ADCEx_MultiModeConfigChannel
 .text.__NVIC_SetPriorityGrouping
                0x0000000008001d78       0x48 ./Drivers/STM32L4xx_HAL_Driver/Src/stm32l4xx_hal_cortex.o
 .text.__NVIC_GetPriorityGrouping
                0x0000000008001dc0       0x1c ./Drivers/STM32L4xx_HAL_Driver/Src/stm32l4xx_hal_cortex.o
 .text.__NVIC_EnableIRQ
                0x0000000008001ddc       0x3c ./Drivers/STM32L4xx_HAL_Driver/Src/stm32l4xx_hal_cortex.o
 .text.__NVIC_SetPriority
                0x0000000008001e18       0x54 ./Drivers/STM32L4xx_HAL_Driver/Src/stm32l4xx_hal_cortex.o
 .text.NVIC_EncodePriority
                0x0000000008001e6c       0x66 ./Drivers/STM32L4xx_HAL_Driver/Src/stm32l4xx_hal_cortex.o
 *fill*         0x0000000008001ed2        0x2 
 .text.SysTick_Config
                0x0000000008001ed4       0x44 ./Drivers/STM32L4xx_HAL_Driver/Src/stm32l4xx_hal_cortex.o
 .text.HAL_NVIC_SetPriorityGrouping
                0x0000000008001f18       0x16 ./Drivers/STM32L4xx_HAL_Driver/Src/stm32l4xx_hal_cortex.o
                0x0000000008001f18                HAL_NVIC_SetPriorityGrouping
 .text.HAL_NVIC_SetPriority
                0x0000000008001f2e       0x38 ./Drivers/STM32L4xx_HAL_Driver/Src/stm32l4xx_hal_cortex.o
                0x0000000008001f2e                HAL_NVIC_SetPriority
 .text.HAL_NVIC_EnableIRQ
                0x0000000008001f66       0x1c ./Drivers/STM32L4xx_HAL_Driver/Src/stm32l4xx_hal_cortex.o
                0x0000000008001f66                HAL_NVIC_EnableIRQ
 .text.HAL_SYSTICK_Config
                0x0000000008001f82       0x18 ./Drivers/STM32L4xx_HAL_Driver/Src/stm32l4xx_hal_cortex.o
                0x0000000008001f82                HAL_SYSTICK_Config
 *fill*         0x0000000008001f9a        0x2 
 .text.HAL_GPIO_Init
                0x0000000008001f9c      0x354 ./Drivers/STM32L4xx_HAL_Driver/Src/stm32l4xx_hal_gpio.o
                0x0000000008001f9c                HAL_GPIO_Init
 .text.HAL_GPIO_WritePin
                0x00000000080022f0       0x30 ./Drivers/STM32L4xx_HAL_Driver/Src/stm32l4xx_hal_gpio.o
                0x00000000080022f0                HAL_GPIO_WritePin
 .text.HAL_GPIO_EXTI_IRQHandler
                0x0000000008002320       0x30 ./Drivers/STM32L4xx_HAL_Driver/Src/stm32l4xx_hal_gpio.o
                0x0000000008002320                HAL_GPIO_EXTI_IRQHandler
 .text.HAL_GPIO_EXTI_Callback
                0x0000000008002350       0x16 ./Drivers/STM32L4xx_HAL_Driver/Src/stm32l4xx_hal_gpio.o
                0x0000000008002350                HAL_GPIO_EXTI_Callback
 *fill*         0x0000000008002366        0x2 
 .text.HAL_PWREx_GetVoltageRange
                0x0000000008002368       0x1c ./Drivers/STM32L4xx_HAL_Driver/Src/stm32l4xx_hal_pwr_ex.o
                0x0000000008002368                HAL_PWREx_GetVoltageRange
 .text.HAL_PWREx_ControlVoltageScaling
                0x0000000008002384       0xac ./Drivers/STM32L4xx_HAL_Driver/Src/stm32l4xx_hal_pwr_ex.o
                0x0000000008002384                HAL_PWREx_ControlVoltageScaling
 .text.HAL_RCC_OscConfig
                0x0000000008002430      0x7b8 ./Drivers/STM32L4xx_HAL_Driver/Src/stm32l4xx_hal_rcc.o
                0x0000000008002430                HAL_RCC_OscConfig
 .text.HAL_RCC_ClockConfig
                0x0000000008002be8      0x200 ./Drivers/STM32L4xx_HAL_Driver/Src/stm32l4xx_hal_rcc.o
                0x0000000008002be8                HAL_RCC_ClockConfig
 .text.HAL_RCC_GetSysClockFreq
                0x0000000008002de8      0x118 ./Drivers/STM32L4xx_HAL_Driver/Src/stm32l4xx_hal_rcc.o
                0x0000000008002de8                HAL_RCC_GetSysClockFreq
 .text.RCC_SetFlashLatencyFromMSIRange
                0x0000000008002f00       0xc0 ./Drivers/STM32L4xx_HAL_Driver/Src/stm32l4xx_hal_rcc.o
 .text.HAL_RCCEx_PeriphCLKConfig
                0x0000000008002fc0      0x5d4 ./Drivers/STM32L4xx_HAL_Driver/Src/stm32l4xx_hal_rcc_ex.o
                0x0000000008002fc0                HAL_RCCEx_PeriphCLKConfig
 .text.RCCEx_PLLSAI1_Config
                0x0000000008003594      0x1e8 ./Drivers/STM32L4xx_HAL_Driver/Src/stm32l4xx_hal_rcc_ex.o
 .text.RCCEx_PLLSAI2_Config
                0x000000000800377c      0x1bc ./Drivers/STM32L4xx_HAL_Driver/Src/stm32l4xx_hal_rcc_ex.o
 .text.memset   0x0000000008003938       0x10 C:/nonSystem/IT/Programs/STM32/STM32CubeIDE_1.13.2/STM32CubeIDE/plugins/com.st.stm32cube.ide.mcu.externaltools.gnu-tools-for-stm32.11.3.rel1.win32_1.1.1.202309131626/tools/bin/../lib/gcc/arm-none-eabi/11.3.1/../../../../arm-none-eabi/lib/thumb/v7e-m+fp/hard\libc_nano.a(libc_a-memset.o)
                0x0000000008003938                memset
 .text.__libc_init_array
                0x0000000008003948       0x48 C:/nonSystem/IT/Programs/STM32/STM32CubeIDE_1.13.2/STM32CubeIDE/plugins/com.st.stm32cube.ide.mcu.externaltools.gnu-tools-for-stm32.11.3.rel1.win32_1.1.1.202309131626/tools/bin/../lib/gcc/arm-none-eabi/11.3.1/../../../../arm-none-eabi/lib/thumb/v7e-m+fp/hard\libc_nano.a(libc_a-init.o)
                0x0000000008003948                __libc_init_array
 *(.glue_7)
 .glue_7        0x0000000008003990        0x0 linker stubs
 *(.glue_7t)
 .glue_7t       0x0000000008003990        0x0 linker stubs
 *(.eh_frame)
 .eh_frame      0x0000000008003990        0x0 C:/nonSystem/IT/Programs/STM32/STM32CubeIDE_1.13.2/STM32CubeIDE/plugins/com.st.stm32cube.ide.mcu.externaltools.gnu-tools-for-stm32.11.3.rel1.win32_1.1.1.202309131626/tools/bin/../lib/gcc/arm-none-eabi/11.3.1/thumb/v7e-m+fp/hard/crtbegin.o
 *(.init)
 .init          0x0000000008003990        0x4 C:/nonSystem/IT/Programs/STM32/STM32CubeIDE_1.13.2/STM32CubeIDE/plugins/com.st.stm32cube.ide.mcu.externaltools.gnu-tools-for-stm32.11.3.rel1.win32_1.1.1.202309131626/tools/bin/../lib/gcc/arm-none-eabi/11.3.1/thumb/v7e-m+fp/hard/crti.o
                0x0000000008003990                _init
 .init          0x0000000008003994        0x8 C:/nonSystem/IT/Programs/STM32/STM32CubeIDE_1.13.2/STM32CubeIDE/plugins/com.st.stm32cube.ide.mcu.externaltools.gnu-tools-for-stm32.11.3.rel1.win32_1.1.1.202309131626/tools/bin/../lib/gcc/arm-none-eabi/11.3.1/thumb/v7e-m+fp/hard/crtn.o
 *(.fini)
 .fini          0x000000000800399c        0x4 C:/nonSystem/IT/Programs/STM32/STM32CubeIDE_1.13.2/STM32CubeIDE/plugins/com.st.stm32cube.ide.mcu.externaltools.gnu-tools-for-stm32.11.3.rel1.win32_1.1.1.202309131626/tools/bin/../lib/gcc/arm-none-eabi/11.3.1/thumb/v7e-m+fp/hard/crti.o
                0x000000000800399c                _fini
 .fini          0x00000000080039a0        0x8 C:/nonSystem/IT/Programs/STM32/STM32CubeIDE_1.13.2/STM32CubeIDE/plugins/com.st.stm32cube.ide.mcu.externaltools.gnu-tools-for-stm32.11.3.rel1.win32_1.1.1.202309131626/tools/bin/../lib/gcc/arm-none-eabi/11.3.1/thumb/v7e-m+fp/hard/crtn.o
                0x00000000080039a8                . = ALIGN (0x4)
                0x00000000080039a8                _etext = .

.vfp11_veneer   0x00000000080039a8        0x0
 .vfp11_veneer  0x00000000080039a8        0x0 linker stubs

.v4_bx          0x00000000080039a8        0x0
 .v4_bx         0x00000000080039a8        0x0 linker stubs

.iplt           0x00000000080039a8        0x0
 .iplt          0x00000000080039a8        0x0 C:/nonSystem/IT/Programs/STM32/STM32CubeIDE_1.13.2/STM32CubeIDE/plugins/com.st.stm32cube.ide.mcu.externaltools.gnu-tools-for-stm32.11.3.rel1.win32_1.1.1.202309131626/tools/bin/../lib/gcc/arm-none-eabi/11.3.1/thumb/v7e-m+fp/hard/crtbegin.o

.rodata         0x00000000080039a8       0x80
                0x00000000080039a8                . = ALIGN (0x4)
 *(.rodata)
 .rodata        0x00000000080039a8       0x40 ./Core/Src/main.o
 *(.rodata*)
 .rodata.AHBPrescTable
                0x00000000080039e8       0x10 ./Core/Src/system_stm32l4xx.o
                0x00000000080039e8                AHBPrescTable
 .rodata.MSIRangeTable
                0x00000000080039f8       0x30 ./Core/Src/system_stm32l4xx.o
                0x00000000080039f8                MSIRangeTable
                0x0000000008003a28                . = ALIGN (0x4)

.rel.dyn        0x0000000008003a28        0x0
 .rel.iplt      0x0000000008003a28        0x0 C:/nonSystem/IT/Programs/STM32/STM32CubeIDE_1.13.2/STM32CubeIDE/plugins/com.st.stm32cube.ide.mcu.externaltools.gnu-tools-for-stm32.11.3.rel1.win32_1.1.1.202309131626/tools/bin/../lib/gcc/arm-none-eabi/11.3.1/thumb/v7e-m+fp/hard/crtbegin.o

.ARM.extab      0x0000000008003a28        0x0
                0x0000000008003a28                . = ALIGN (0x4)
 *(.ARM.extab* .gnu.linkonce.armextab.*)
                0x0000000008003a28                . = ALIGN (0x4)

.ARM            0x0000000008003a28        0x0
                0x0000000008003a28                . = ALIGN (0x4)
                0x0000000008003a28                __exidx_start = .
 *(.ARM.exidx*)
                0x0000000008003a28                __exidx_end = .
                0x0000000008003a28                . = ALIGN (0x4)

.preinit_array  0x0000000008003a28        0x0
                0x0000000008003a28                . = ALIGN (0x4)
                0x0000000008003a28                PROVIDE (__preinit_array_start = .)
 *(.preinit_array*)
                0x0000000008003a28                PROVIDE (__preinit_array_end = .)
                0x0000000008003a28                . = ALIGN (0x4)

.init_array     0x0000000008003a28        0x4
                0x0000000008003a28                . = ALIGN (0x4)
                0x0000000008003a28                PROVIDE (__init_array_start = .)
 *(SORT_BY_NAME(.init_array.*))
 *(.init_array*)
 .init_array    0x0000000008003a28        0x4 C:/nonSystem/IT/Programs/STM32/STM32CubeIDE_1.13.2/STM32CubeIDE/plugins/com.st.stm32cube.ide.mcu.externaltools.gnu-tools-for-stm32.11.3.rel1.win32_1.1.1.202309131626/tools/bin/../lib/gcc/arm-none-eabi/11.3.1/thumb/v7e-m+fp/hard/crtbegin.o
                0x0000000008003a2c                PROVIDE (__init_array_end = .)
                0x0000000008003a2c                . = ALIGN (0x4)

.fini_array     0x0000000008003a2c        0x4
                0x0000000008003a2c                . = ALIGN (0x4)
                [!provide]                        PROVIDE (__fini_array_start = .)
 *(SORT_BY_NAME(.fini_array.*))
 *(.fini_array*)
 .fini_array    0x0000000008003a2c        0x4 C:/nonSystem/IT/Programs/STM32/STM32CubeIDE_1.13.2/STM32CubeIDE/plugins/com.st.stm32cube.ide.mcu.externaltools.gnu-tools-for-stm32.11.3.rel1.win32_1.1.1.202309131626/tools/bin/../lib/gcc/arm-none-eabi/11.3.1/thumb/v7e-m+fp/hard/crtbegin.o
                [!provide]                        PROVIDE (__fini_array_end = .)
                0x0000000008003a30                . = ALIGN (0x4)
                0x0000000008003a30                _sidata = LOADADDR (.data)

.data           0x0000000020000000        0xc load address 0x0000000008003a30
                0x0000000020000000                . = ALIGN (0x4)
                0x0000000020000000                _sdata = .
 *(.data)
 *(.data*)
 .data.SystemCoreClock
                0x0000000020000000        0x4 ./Core/Src/system_stm32l4xx.o
                0x0000000020000000                SystemCoreClock
 .data.uwTickPrio
                0x0000000020000004        0x4 ./Drivers/STM32L4xx_HAL_Driver/Src/stm32l4xx_hal.o
                0x0000000020000004                uwTickPrio
 .data.uwTickFreq
                0x0000000020000008        0x1 ./Drivers/STM32L4xx_HAL_Driver/Src/stm32l4xx_hal.o
                0x0000000020000008                uwTickFreq
 *(.RamFunc)
 *(.RamFunc*)
                0x000000002000000c                . = ALIGN (0x4)
 *fill*         0x0000000020000009        0x3 
                0x000000002000000c                _edata = .

.igot.plt       0x000000002000000c        0x0 load address 0x0000000008003a3c
 .igot.plt      0x000000002000000c        0x0 C:/nonSystem/IT/Programs/STM32/STM32CubeIDE_1.13.2/STM32CubeIDE/plugins/com.st.stm32cube.ide.mcu.externaltools.gnu-tools-for-stm32.11.3.rel1.win32_1.1.1.202309131626/tools/bin/../lib/gcc/arm-none-eabi/11.3.1/thumb/v7e-m+fp/hard/crtbegin.o
                0x000000002000000c                . = ALIGN (0x4)

.bss            0x000000002000000c       0x84 load address 0x0000000008003a3c
                0x000000002000000c                _sbss = .
                0x000000002000000c                __bss_start__ = _sbss
 *(.bss)
 .bss           0x000000002000000c       0x1c C:/nonSystem/IT/Programs/STM32/STM32CubeIDE_1.13.2/STM32CubeIDE/plugins/com.st.stm32cube.ide.mcu.externaltools.gnu-tools-for-stm32.11.3.rel1.win32_1.1.1.202309131626/tools/bin/../lib/gcc/arm-none-eabi/11.3.1/thumb/v7e-m+fp/hard/crtbegin.o
 *(.bss*)
 .bss.hadc1     0x0000000020000028       0x64 ./Core/Src/main.o
                0x0000000020000028                hadc1
 .bss.uwTick    0x000000002000008c        0x4 ./Drivers/STM32L4xx_HAL_Driver/Src/stm32l4xx_hal.o
                0x000000002000008c                uwTick
 *(COMMON)
                0x0000000020000090                . = ALIGN (0x4)
                0x0000000020000090                _ebss = .
                0x0000000020000090                __bss_end__ = _ebss

._user_heap_stack
                0x0000000020000090      0x600 load address 0x0000000008003a3c
                0x0000000020000090                . = ALIGN (0x8)
                [!provide]                        PROVIDE (end = .)
                0x0000000020000090                PROVIDE (_end = .)
                0x0000000020000290                . = (. + _Min_Heap_Size)
 *fill*         0x0000000020000090      0x200 
                0x0000000020000690                . = (. + _Min_Stack_Size)
 *fill*         0x0000000020000290      0x400 
                0x0000000020000690                . = ALIGN (0x8)

/DISCARD/
 libc.a(*)
 libm.a(*)
 libgcc.a(*)

.ARM.attributes
                0x0000000000000000       0x30
 *(.ARM.attributes)
 .ARM.attributes
                0x0000000000000000       0x1e C:/nonSystem/IT/Programs/STM32/STM32CubeIDE_1.13.2/STM32CubeIDE/plugins/com.st.stm32cube.ide.mcu.externaltools.gnu-tools-for-stm32.11.3.rel1.win32_1.1.1.202309131626/tools/bin/../lib/gcc/arm-none-eabi/11.3.1/thumb/v7e-m+fp/hard/crti.o
 .ARM.attributes
                0x000000000000001e       0x34 C:/nonSystem/IT/Programs/STM32/STM32CubeIDE_1.13.2/STM32CubeIDE/plugins/com.st.stm32cube.ide.mcu.externaltools.gnu-tools-for-stm32.11.3.rel1.win32_1.1.1.202309131626/tools/bin/../lib/gcc/arm-none-eabi/11.3.1/thumb/v7e-m+fp/hard/crtbegin.o
 .ARM.attributes
                0x0000000000000052       0x34 ./Core/Src/lcd.o
 .ARM.attributes
                0x0000000000000086       0x34 ./Core/Src/main.o
 .ARM.attributes
                0x00000000000000ba       0x34 ./Core/Src/stm32l4xx_hal_msp.o
 .ARM.attributes
                0x00000000000000ee       0x34 ./Core/Src/stm32l4xx_it.o
 .ARM.attributes
                0x0000000000000122       0x34 ./Core/Src/system_stm32l4xx.o
 .ARM.attributes
                0x0000000000000156       0x21 ./Core/Startup/startup_stm32l476rgtx.o
 .ARM.attributes
                0x0000000000000177       0x34 ./Drivers/STM32L4xx_HAL_Driver/Src/stm32l4xx_hal.o
 .ARM.attributes
                0x00000000000001ab       0x34 ./Drivers/STM32L4xx_HAL_Driver/Src/stm32l4xx_hal_adc.o
 .ARM.attributes
                0x00000000000001df       0x34 ./Drivers/STM32L4xx_HAL_Driver/Src/stm32l4xx_hal_adc_ex.o
 .ARM.attributes
                0x0000000000000213       0x34 ./Drivers/STM32L4xx_HAL_Driver/Src/stm32l4xx_hal_cortex.o
 .ARM.attributes
                0x0000000000000247       0x34 ./Drivers/STM32L4xx_HAL_Driver/Src/stm32l4xx_hal_gpio.o
 .ARM.attributes
                0x000000000000027b       0x34 ./Drivers/STM32L4xx_HAL_Driver/Src/stm32l4xx_hal_pwr_ex.o
 .ARM.attributes
                0x00000000000002af       0x34 ./Drivers/STM32L4xx_HAL_Driver/Src/stm32l4xx_hal_rcc.o
 .ARM.attributes
                0x00000000000002e3       0x34 ./Drivers/STM32L4xx_HAL_Driver/Src/stm32l4xx_hal_rcc_ex.o
 .ARM.attributes
                0x0000000000000317       0x34 C:/nonSystem/IT/Programs/STM32/STM32CubeIDE_1.13.2/STM32CubeIDE/plugins/com.st.stm32cube.ide.mcu.externaltools.gnu-tools-for-stm32.11.3.rel1.win32_1.1.1.202309131626/tools/bin/../lib/gcc/arm-none-eabi/11.3.1/../../../../arm-none-eabi/lib/thumb/v7e-m+fp/hard\libc_nano.a(libc_a-memset.o)
 .ARM.attributes
                0x000000000000034b       0x34 C:/nonSystem/IT/Programs/STM32/STM32CubeIDE_1.13.2/STM32CubeIDE/plugins/com.st.stm32cube.ide.mcu.externaltools.gnu-tools-for-stm32.11.3.rel1.win32_1.1.1.202309131626/tools/bin/../lib/gcc/arm-none-eabi/11.3.1/../../../../arm-none-eabi/lib/thumb/v7e-m+fp/hard\libc_nano.a(libc_a-init.o)
 .ARM.attributes
                0x000000000000037f       0x1e C:/nonSystem/IT/Programs/STM32/STM32CubeIDE_1.13.2/STM32CubeIDE/plugins/com.st.stm32cube.ide.mcu.externaltools.gnu-tools-for-stm32.11.3.rel1.win32_1.1.1.202309131626/tools/bin/../lib/gcc/arm-none-eabi/11.3.1/thumb/v7e-m+fp/hard/crtn.o
OUTPUT(Timberman.elf elf32-littlearm)
LOAD linker stubs
LOAD C:/nonSystem/IT/Programs/STM32/STM32CubeIDE_1.13.2/STM32CubeIDE/plugins/com.st.stm32cube.ide.mcu.externaltools.gnu-tools-for-stm32.11.3.rel1.win32_1.1.1.202309131626/tools/bin/../lib/gcc/arm-none-eabi/11.3.1/../../../../arm-none-eabi/lib/thumb/v7e-m+fp/hard\libc.a
LOAD C:/nonSystem/IT/Programs/STM32/STM32CubeIDE_1.13.2/STM32CubeIDE/plugins/com.st.stm32cube.ide.mcu.externaltools.gnu-tools-for-stm32.11.3.rel1.win32_1.1.1.202309131626/tools/bin/../lib/gcc/arm-none-eabi/11.3.1/../../../../arm-none-eabi/lib/thumb/v7e-m+fp/hard\libm.a
LOAD C:/nonSystem/IT/Programs/STM32/STM32CubeIDE_1.13.2/STM32CubeIDE/plugins/com.st.stm32cube.ide.mcu.externaltools.gnu-tools-for-stm32.11.3.rel1.win32_1.1.1.202309131626/tools/bin/../lib/gcc/arm-none-eabi/11.3.1/thumb/v7e-m+fp/hard\libgcc.a

.comment        0x0000000000000000       0x43
 .comment       0x0000000000000000       0x43 C:/nonSystem/IT/Programs/STM32/STM32CubeIDE_1.13.2/STM32CubeIDE/plugins/com.st.stm32cube.ide.mcu.externaltools.gnu-tools-for-stm32.11.3.rel1.win32_1.1.1.202309131626/tools/bin/../lib/gcc/arm-none-eabi/11.3.1/thumb/v7e-m+fp/hard/crtbegin.o
                                         0x44 (size before relaxing)
 .comment       0x0000000000000043       0x44 ./Core/Src/lcd.o
 .comment       0x0000000000000043       0x44 ./Core/Src/main.o
 .comment       0x0000000000000043       0x44 ./Core/Src/stm32l4xx_hal_msp.o
 .comment       0x0000000000000043       0x44 ./Core/Src/stm32l4xx_it.o
 .comment       0x0000000000000043       0x44 ./Core/Src/system_stm32l4xx.o
 .comment       0x0000000000000043       0x44 ./Drivers/STM32L4xx_HAL_Driver/Src/stm32l4xx_hal.o
 .comment       0x0000000000000043       0x44 ./Drivers/STM32L4xx_HAL_Driver/Src/stm32l4xx_hal_adc.o
 .comment       0x0000000000000043       0x44 ./Drivers/STM32L4xx_HAL_Driver/Src/stm32l4xx_hal_adc_ex.o
 .comment       0x0000000000000043       0x44 ./Drivers/STM32L4xx_HAL_Driver/Src/stm32l4xx_hal_cortex.o
 .comment       0x0000000000000043       0x44 ./Drivers/STM32L4xx_HAL_Driver/Src/stm32l4xx_hal_gpio.o
 .comment       0x0000000000000043       0x44 ./Drivers/STM32L4xx_HAL_Driver/Src/stm32l4xx_hal_pwr_ex.o
 .comment       0x0000000000000043       0x44 ./Drivers/STM32L4xx_HAL_Driver/Src/stm32l4xx_hal_rcc.o
 .comment       0x0000000000000043       0x44 ./Drivers/STM32L4xx_HAL_Driver/Src/stm32l4xx_hal_rcc_ex.o

.debug_info     0x0000000000000000     0xa6fc
 .debug_info    0x0000000000000000      0x336 ./Core/Src/lcd.o
 .debug_info    0x0000000000000336     0x12d6 ./Core/Src/main.o
 .debug_info    0x000000000000160c      0xda3 ./Core/Src/stm32l4xx_hal_msp.o
 .debug_info    0x00000000000023af      0x14c ./Core/Src/stm32l4xx_it.o
 .debug_info    0x00000000000024fb      0x5b1 ./Core/Src/system_stm32l4xx.o
 .debug_info    0x0000000000002aac       0x23 ./Core/Startup/startup_stm32l476rgtx.o
 .debug_info    0x0000000000002acf      0xaeb ./Drivers/STM32L4xx_HAL_Driver/Src/stm32l4xx_hal.o
 .debug_info    0x00000000000035ba     0x1db8 ./Drivers/STM32L4xx_HAL_Driver/Src/stm32l4xx_hal_adc.o
 .debug_info    0x0000000000005372     0x1b24 ./Drivers/STM32L4xx_HAL_Driver/Src/stm32l4xx_hal_adc_ex.o
 .debug_info    0x0000000000006e96      0xd4c ./Drivers/STM32L4xx_HAL_Driver/Src/stm32l4xx_hal_cortex.o
 .debug_info    0x0000000000007be2      0x757 ./Drivers/STM32L4xx_HAL_Driver/Src/stm32l4xx_hal_gpio.o
 .debug_info    0x0000000000008339      0x99e ./Drivers/STM32L4xx_HAL_Driver/Src/stm32l4xx_hal_pwr_ex.o
 .debug_info    0x0000000000008cd7      0xc14 ./Drivers/STM32L4xx_HAL_Driver/Src/stm32l4xx_hal_rcc.o
 .debug_info    0x00000000000098eb      0xe11 ./Drivers/STM32L4xx_HAL_Driver/Src/stm32l4xx_hal_rcc_ex.o

.debug_abbrev   0x0000000000000000     0x1bce
 .debug_abbrev  0x0000000000000000      0x132 ./Core/Src/lcd.o
 .debug_abbrev  0x0000000000000132      0x29a ./Core/Src/main.o
 .debug_abbrev  0x00000000000003cc      0x1c9 ./Core/Src/stm32l4xx_hal_msp.o
 .debug_abbrev  0x0000000000000595       0xa0 ./Core/Src/stm32l4xx_it.o
 .debug_abbrev  0x0000000000000635      0x11a ./Core/Src/system_stm32l4xx.o
 .debug_abbrev  0x000000000000074f       0x12 ./Core/Startup/startup_stm32l476rgtx.o
 .debug_abbrev  0x0000000000000761      0x242 ./Drivers/STM32L4xx_HAL_Driver/Src/stm32l4xx_hal.o
 .debug_abbrev  0x00000000000009a3      0x2de ./Drivers/STM32L4xx_HAL_Driver/Src/stm32l4xx_hal_adc.o
 .debug_abbrev  0x0000000000000c81      0x2f1 ./Drivers/STM32L4xx_HAL_Driver/Src/stm32l4xx_hal_adc_ex.o
 .debug_abbrev  0x0000000000000f72      0x327 ./Drivers/STM32L4xx_HAL_Driver/Src/stm32l4xx_hal_cortex.o
 .debug_abbrev  0x0000000000001299      0x1cb ./Drivers/STM32L4xx_HAL_Driver/Src/stm32l4xx_hal_gpio.o
 .debug_abbrev  0x0000000000001464      0x1f9 ./Drivers/STM32L4xx_HAL_Driver/Src/stm32l4xx_hal_pwr_ex.o
 .debug_abbrev  0x000000000000165d      0x2cb ./Drivers/STM32L4xx_HAL_Driver/Src/stm32l4xx_hal_rcc.o
 .debug_abbrev  0x0000000000001928      0x2a6 ./Drivers/STM32L4xx_HAL_Driver/Src/stm32l4xx_hal_rcc_ex.o

.debug_aranges  0x0000000000000000      0xab8
 .debug_aranges
                0x0000000000000000       0x78 ./Core/Src/lcd.o
 .debug_aranges
                0x0000000000000078       0x40 ./Core/Src/main.o
 .debug_aranges
                0x00000000000000b8       0x30 ./Core/Src/stm32l4xx_hal_msp.o
 .debug_aranges
                0x00000000000000e8       0x68 ./Core/Src/stm32l4xx_it.o
 .debug_aranges
                0x0000000000000150       0x28 ./Core/Src/system_stm32l4xx.o
 .debug_aranges
                0x0000000000000178       0x28 ./Core/Startup/startup_stm32l476rgtx.o
 .debug_aranges
                0x00000000000001a0      0x130 ./Drivers/STM32L4xx_HAL_Driver/Src/stm32l4xx_hal.o
 .debug_aranges
                0x00000000000002d0      0x220 ./Drivers/STM32L4xx_HAL_Driver/Src/stm32l4xx_hal_adc.o
 .debug_aranges
                0x00000000000004f0      0x1a8 ./Drivers/STM32L4xx_HAL_Driver/Src/stm32l4xx_hal_adc_ex.o
 .debug_aranges
                0x0000000000000698      0x118 ./Drivers/STM32L4xx_HAL_Driver/Src/stm32l4xx_hal_cortex.o
 .debug_aranges
                0x00000000000007b0       0x58 ./Drivers/STM32L4xx_HAL_Driver/Src/stm32l4xx_hal_gpio.o
 .debug_aranges
                0x0000000000000808      0x160 ./Drivers/STM32L4xx_HAL_Driver/Src/stm32l4xx_hal_pwr_ex.o
 .debug_aranges
                0x0000000000000968       0x90 ./Drivers/STM32L4xx_HAL_Driver/Src/stm32l4xx_hal_rcc.o
 .debug_aranges
                0x00000000000009f8       0xc0 ./Drivers/STM32L4xx_HAL_Driver/Src/stm32l4xx_hal_rcc_ex.o

.debug_rnglists
                0x0000000000000000      0x812
 .debug_rnglists
                0x0000000000000000       0x57 ./Core/Src/lcd.o
 .debug_rnglists
                0x0000000000000057       0x2f ./Core/Src/main.o
 .debug_rnglists
                0x0000000000000086       0x20 ./Core/Src/stm32l4xx_hal_msp.o
 .debug_rnglists
                0x00000000000000a6       0x49 ./Core/Src/stm32l4xx_it.o
 .debug_rnglists
                0x00000000000000ef       0x1a ./Core/Src/system_stm32l4xx.o
 .debug_rnglists
                0x0000000000000109       0x19 ./Core/Startup/startup_stm32l476rgtx.o
 .debug_rnglists
                0x0000000000000122       0xdf ./Drivers/STM32L4xx_HAL_Driver/Src/stm32l4xx_hal.o
 .debug_rnglists
                0x0000000000000201      0x1b1 ./Drivers/STM32L4xx_HAL_Driver/Src/stm32l4xx_hal_adc.o
 .debug_rnglists
                0x00000000000003b2      0x148 ./Drivers/STM32L4xx_HAL_Driver/Src/stm32l4xx_hal_adc_ex.o
 .debug_rnglists
                0x00000000000004fa       0xce ./Drivers/STM32L4xx_HAL_Driver/Src/stm32l4xx_hal_cortex.o
 .debug_rnglists
                0x00000000000005c8       0x3f ./Drivers/STM32L4xx_HAL_Driver/Src/stm32l4xx_hal_gpio.o
 .debug_rnglists
                0x0000000000000607      0x109 ./Drivers/STM32L4xx_HAL_Driver/Src/stm32l4xx_hal_pwr_ex.o
 .debug_rnglists
                0x0000000000000710       0x6d ./Drivers/STM32L4xx_HAL_Driver/Src/stm32l4xx_hal_rcc.o
 .debug_rnglists
                0x000000000000077d       0x95 ./Drivers/STM32L4xx_HAL_Driver/Src/stm32l4xx_hal_rcc_ex.o

.debug_macro    0x0000000000000000     0x256d
 .debug_macro   0x0000000000000000      0x2a5 ./Core/Src/lcd.o
 .debug_macro   0x00000000000002a5       0x70 ./Core/Src/lcd.o
 .debug_macro   0x0000000000000315       0x61 ./Core/Src/lcd.o
 .debug_macro   0x0000000000000376       0x2a ./Core/Src/lcd.o
 .debug_macro   0x00000000000003a0       0x43 ./Core/Src/lcd.o
 .debug_macro   0x00000000000003e3       0x34 ./Core/Src/lcd.o
 .debug_macro   0x0000000000000417       0x16 ./Core/Src/lcd.o
 .debug_macro   0x000000000000042d       0x35 ./Core/Src/lcd.o
 .debug_macro   0x0000000000000462      0x369 ./Core/Src/lcd.o
 .debug_macro   0x00000000000007cb       0x10 ./Core/Src/lcd.o
 .debug_macro   0x00000000000007db       0x16 ./Core/Src/lcd.o
 .debug_macro   0x00000000000007f1       0x43 ./Core/Src/lcd.o
 .debug_macro   0x0000000000000834       0x34 ./Core/Src/lcd.o
 .debug_macro   0x0000000000000868       0x10 ./Core/Src/lcd.o
 .debug_macro   0x0000000000000878       0x58 ./Core/Src/lcd.o
 .debug_macro   0x00000000000008d0       0x8e ./Core/Src/lcd.o
 .debug_macro   0x000000000000095e       0x1c ./Core/Src/lcd.o
 .debug_macro   0x000000000000097a      0x177 ./Core/Src/lcd.o
 .debug_macro   0x0000000000000af1       0x16 ./Core/Src/lcd.o
 .debug_macro   0x0000000000000b07       0x16 ./Core/Src/lcd.o
 .debug_macro   0x0000000000000b1d      0x147 ./Core/Src/lcd.o
 .debug_macro   0x0000000000000c64       0x7c ./Core/Src/lcd.o
 .debug_macro   0x0000000000000ce0      0x2e4 ./Core/Src/main.o
 .debug_macro   0x0000000000000fc4       0x6a ./Core/Src/main.o
 .debug_macro   0x000000000000102e       0xbe ./Core/Src/main.o
 .debug_macro   0x00000000000010ec       0x16 ./Core/Src/main.o
 .debug_macro   0x0000000000001102       0x20 ./Core/Src/main.o
 .debug_macro   0x0000000000001122      0x1ca ./Core/Src/stm32l4xx_hal_msp.o
 .debug_macro   0x00000000000012ec      0x1d4 ./Core/Src/stm32l4xx_it.o
 .debug_macro   0x00000000000014c0      0x1bb ./Core/Src/system_stm32l4xx.o
 .debug_macro   0x000000000000167b      0x209 ./Drivers/STM32L4xx_HAL_Driver/Src/stm32l4xx_hal.o
 .debug_macro   0x0000000000001884      0x1d8 ./Drivers/STM32L4xx_HAL_Driver/Src/stm32l4xx_hal_adc.o
 .debug_macro   0x0000000000001a5c      0x1c7 ./Drivers/STM32L4xx_HAL_Driver/Src/stm32l4xx_hal_adc_ex.o
 .debug_macro   0x0000000000001c23      0x1bb ./Drivers/STM32L4xx_HAL_Driver/Src/stm32l4xx_hal_cortex.o
 .debug_macro   0x0000000000001dde      0x1c2 ./Drivers/STM32L4xx_HAL_Driver/Src/stm32l4xx_hal_gpio.o
 .debug_macro   0x0000000000001fa0      0x1df ./Drivers/STM32L4xx_HAL_Driver/Src/stm32l4xx_hal_pwr_ex.o
 .debug_macro   0x000000000000217f      0x1fd ./Drivers/STM32L4xx_HAL_Driver/Src/stm32l4xx_hal_rcc.o
 .debug_macro   0x000000000000237c      0x1f1 ./Drivers/STM32L4xx_HAL_Driver/Src/stm32l4xx_hal_rcc_ex.o

.debug_line     0x0000000000000000     0xbb12
 .debug_line    0x0000000000000000      0xc9e ./Core/Src/lcd.o
 .debug_line    0x0000000000000c9e      0xafb ./Core/Src/main.o
 .debug_line    0x0000000000001799      0x767 ./Core/Src/stm32l4xx_hal_msp.o
 .debug_line    0x0000000000001f00      0x7d9 ./Core/Src/stm32l4xx_it.o
 .debug_line    0x00000000000026d9      0x796 ./Core/Src/system_stm32l4xx.o
 .debug_line    0x0000000000002e6f       0x7a ./Core/Startup/startup_stm32l476rgtx.o
 .debug_line    0x0000000000002ee9      0xaee ./Drivers/STM32L4xx_HAL_Driver/Src/stm32l4xx_hal.o
 .debug_line    0x00000000000039d7     0x1efb ./Drivers/STM32L4xx_HAL_Driver/Src/stm32l4xx_hal_adc.o
 .debug_line    0x00000000000058d2     0x191f ./Drivers/STM32L4xx_HAL_Driver/Src/stm32l4xx_hal_adc_ex.o
 .debug_line    0x00000000000071f1      0xc95 ./Drivers/STM32L4xx_HAL_Driver/Src/stm32l4xx_hal_cortex.o
 .debug_line    0x0000000000007e86      0xb62 ./Drivers/STM32L4xx_HAL_Driver/Src/stm32l4xx_hal_gpio.o
 .debug_line    0x00000000000089e8      0xce6 ./Drivers/STM32L4xx_HAL_Driver/Src/stm32l4xx_hal_pwr_ex.o
 .debug_line    0x00000000000096ce      0xf65 ./Drivers/STM32L4xx_HAL_Driver/Src/stm32l4xx_hal_rcc.o
 .debug_line    0x000000000000a633     0x14df ./Drivers/STM32L4xx_HAL_Driver/Src/stm32l4xx_hal_rcc_ex.o

.debug_str      0x0000000000000000    0xf595f
 .debug_str     0x0000000000000000    0xf1ce6 ./Core/Src/lcd.o
                                      0xf21af (size before relaxing)
 .debug_str     0x00000000000f1ce6      0xfb6 ./Core/Src/main.o
                                      0xf3298 (size before relaxing)
 .debug_str     0x00000000000f2c9c      0x2d7 ./Core/Src/stm32l4xx_hal_msp.o
                                      0xef1a3 (size before relaxing)
 .debug_str     0x00000000000f2f73       0xf7 ./Core/Src/stm32l4xx_it.o
                                      0xee916 (size before relaxing)
 .debug_str     0x00000000000f306a       0xfc ./Core/Src/system_stm32l4xx.o
                                      0xee8cf (size before relaxing)
 .debug_str     0x00000000000f3166       0x34 ./Core/Startup/startup_stm32l476rgtx.o
                                         0x6b (size before relaxing)
 .debug_str     0x00000000000f319a      0x63a ./Drivers/STM32L4xx_HAL_Driver/Src/stm32l4xx_hal.o
                                      0xef462 (size before relaxing)
 .debug_str     0x00000000000f37d4      0xaa8 ./Drivers/STM32L4xx_HAL_Driver/Src/stm32l4xx_hal_adc.o
                                      0xef716 (size before relaxing)
 .debug_str     0x00000000000f427c      0x665 ./Drivers/STM32L4xx_HAL_Driver/Src/stm32l4xx_hal_adc_ex.o
                                      0xef6bf (size before relaxing)
 .debug_str     0x00000000000f48e1      0x331 ./Drivers/STM32L4xx_HAL_Driver/Src/stm32l4xx_hal_cortex.o
                                      0xef116 (size before relaxing)
 .debug_str     0x00000000000f4c12      0x10f ./Drivers/STM32L4xx_HAL_Driver/Src/stm32l4xx_hal_gpio.o
                                      0xeea48 (size before relaxing)
 .debug_str     0x00000000000f4d21      0x4d3 ./Drivers/STM32L4xx_HAL_Driver/Src/stm32l4xx_hal_pwr_ex.o
                                      0xeee2a (size before relaxing)
 .debug_str     0x00000000000f51f4      0x3ac ./Drivers/STM32L4xx_HAL_Driver/Src/stm32l4xx_hal_rcc.o
                                      0xeef15 (size before relaxing)
 .debug_str     0x00000000000f55a0      0x3bf ./Drivers/STM32L4xx_HAL_Driver/Src/stm32l4xx_hal_rcc_ex.o
                                      0xef08e (size before relaxing)

.debug_frame    0x0000000000000000     0x2b60
 .debug_frame   0x0000000000000000      0x1a4 ./Core/Src/lcd.o
 .debug_frame   0x00000000000001a4       0xb4 ./Core/Src/main.o
 .debug_frame   0x0000000000000258       0x84 ./Core/Src/stm32l4xx_hal_msp.o
 .debug_frame   0x00000000000002dc      0x120 ./Core/Src/stm32l4xx_it.o
 .debug_frame   0x00000000000003fc       0x58 ./Core/Src/system_stm32l4xx.o
 .debug_frame   0x0000000000000454      0x498 ./Drivers/STM32L4xx_HAL_Driver/Src/stm32l4xx_hal.o
 .debug_frame   0x00000000000008ec      0xa04 ./Drivers/STM32L4xx_HAL_Driver/Src/stm32l4xx_hal_adc.o
 .debug_frame   0x00000000000012f0      0x7a4 ./Drivers/STM32L4xx_HAL_Driver/Src/stm32l4xx_hal_adc_ex.o
 .debug_frame   0x0000000000001a94      0x498 ./Drivers/STM32L4xx_HAL_Driver/Src/stm32l4xx_hal_cortex.o
 .debug_frame   0x0000000000001f2c      0x14c ./Drivers/STM32L4xx_HAL_Driver/Src/stm32l4xx_hal_gpio.o
 .debug_frame   0x0000000000002078      0x584 ./Drivers/STM32L4xx_HAL_Driver/Src/stm32l4xx_hal_pwr_ex.o
 .debug_frame   0x00000000000025fc      0x21c ./Drivers/STM32L4xx_HAL_Driver/Src/stm32l4xx_hal_rcc.o
 .debug_frame   0x0000000000002818      0x2fc ./Drivers/STM32L4xx_HAL_Driver/Src/stm32l4xx_hal_rcc_ex.o
 .debug_frame   0x0000000000002b14       0x20 C:/nonSystem/IT/Programs/STM32/STM32CubeIDE_1.13.2/STM32CubeIDE/plugins/com.st.stm32cube.ide.mcu.externaltools.gnu-tools-for-stm32.11.3.rel1.win32_1.1.1.202309131626/tools/bin/../lib/gcc/arm-none-eabi/11.3.1/../../../../arm-none-eabi/lib/thumb/v7e-m+fp/hard\libc_nano.a(libc_a-memset.o)
 .debug_frame   0x0000000000002b34       0x2c C:/nonSystem/IT/Programs/STM32/STM32CubeIDE_1.13.2/STM32CubeIDE/plugins/com.st.stm32cube.ide.mcu.externaltools.gnu-tools-for-stm32.11.3.rel1.win32_1.1.1.202309131626/tools/bin/../lib/gcc/arm-none-eabi/11.3.1/../../../../arm-none-eabi/lib/thumb/v7e-m+fp/hard\libc_nano.a(libc_a-init.o)

.debug_line_str
                0x0000000000000000       0x5f
 .debug_line_str
                0x0000000000000000       0x5f ./Core/Startup/startup_stm32l476rgtx.o
                                         0x77 (size before relaxing)
