00:07:30 **** Incremental Build of configuration Debug for project Timberman ****
make -j12 all 
arm-none-eabi-gcc "../Core/Src/main.c" -mcpu=cortex-m4 -std=gnu11 -g3 -DDEBUG -DUSE_HAL_DRIVER -DSTM32L476xx -c -I../Core/Inc -I../Drivers/STM32L4xx_HAL_Driver/Inc -I../Drivers/STM32L4xx_HAL_Driver/Inc/Legacy -I../Drivers/CMSIS/Device/ST/STM32L4xx/Include -I../Drivers/CMSIS/Include -O0 -ffunction-sections -fdata-sections -Wall -fstack-usage -fcyclomatic-complexity -MMD -MP -MF"Core/Src/main.d" -MT"Core/Src/main.o" --specs=nano.specs -mfpu=fpv4-sp-d16 -mfloat-abi=hard -mthumb -o "Core/Src/main.o"
../Core/Src/main.c: In function 'game':
../Core/Src/main.c:166:26: warning: "/*" within comment [-Wcomment]
  166 |                          /* ====== MOVING BOTTOM PART OF TREE DOWN ====== *//*
      |                           
../Core/Src/main.c:170:26: warning: "/*" within comment [-Wcomment]
  170 |                          /* ====== MOVING MIDDLE PART OF TREE DOWN ====== *//*
      |                           
../Core/Src/main.c:176:26: warning: "/*" within comment [-Wcomment]
  176 |                          /* ====== GENERATING TOP OF THE TREE ====== *//*
      |                           
../Core/Src/main.c:124:14: warning: unused variable 'temp2' [-Wunused-variable]
  124 |         char temp2[16];
      |              ^~~~~
../Core/Src/main.c:123:14: warning: unused variable 'temp1' [-Wunused-variable]
  123 |         char temp1[16];
      |              ^~~~~
arm-none-eabi-gcc -o "Timberman.elf" @"objects.list"   -mcpu=cortex-m4 -T"C:\nonSystem\IT\Code\STM32\TimbermanAK\Timberman\STM32L476RGTX_FLASH.ld" --specs=nosys.specs -Wl,-Map="Timberman.map" -Wl,--gc-sections -static --specs=nano.specs -mfpu=fpv4-sp-d16 -mfloat-abi=hard -mthumb -Wl,--start-group -lc -lm -Wl,--end-group
Finished building target: Timberman.elf
 
arm-none-eabi-size   Timberman.elf 
arm-none-eabi-objdump -h -S  Timberman.elf  > "Timberman.list"
   text	   data	    bss	    dec	    hex	filename
  24740	    112	   2072	  26924	   692c	Timberman.elf
Finished building: default.size.stdout
 
Finished building: Timberman.list
 

00:07:31 Build Finished. 0 errors, 5 warnings. (took 1s.237ms)

