21:44:06 **** Incremental Build of configuration Debug for project Timberman ****
make -j12 all 
arm-none-eabi-gcc "../Core/Src/main.c" -mcpu=cortex-m4 -std=gnu11 -g3 -DDEBUG -DUSE_HAL_DRIVER -DSTM32L476xx -c -I../Core/Inc -I../Drivers/STM32L4xx_HAL_Driver/Inc -I../Drivers/STM32L4xx_HAL_Driver/Inc/Legacy -I../Drivers/CMSIS/Device/ST/STM32L4xx/Include -I../Drivers/CMSIS/Include -O0 -ffunction-sections -fdata-sections -Wall -fstack-usage -fcyclomatic-complexity -MMD -MP -MF"Core/Src/main.d" -MT"Core/Src/main.o" --specs=nano.specs -mfpu=fpv4-sp-d16 -mfloat-abi=hard -mthumb -o "Core/Src/main.o"
arm-none-eabi-gcc "../Core/Src/stm32l4xx_hal_msp.c" -mcpu=cortex-m4 -std=gnu11 -g3 -DDEBUG -DUSE_HAL_DRIVER -DSTM32L476xx -c -I../Core/Inc -I../Drivers/STM32L4xx_HAL_Driver/Inc -I../Drivers/STM32L4xx_HAL_Driver/Inc/Legacy -I../Drivers/CMSIS/Device/ST/STM32L4xx/Include -I../Drivers/CMSIS/Include -O0 -ffunction-sections -fdata-sections -Wall -fstack-usage -fcyclomatic-complexity -MMD -MP -MF"Core/Src/stm32l4xx_hal_msp.d" -MT"Core/Src/stm32l4xx_hal_msp.o" --specs=nano.specs -mfpu=fpv4-sp-d16 -mfloat-abi=hard -mthumb -o "Core/Src/stm32l4xx_hal_msp.o"
../Core/Src/main.c: In function 'menu':
../Core/Src/main.c:104:48: warning: passing argument 2 of 'HAL_RTC_GetDate' from incompatible pointer type [-Wincompatible-pointer-types]
  104 |                         HAL_RTC_GetDate(&hrtc, &date, RTC_FORMAT_BIN);
      |                                                ^~~~~
      |                                                |
      |                                                RTC_TimeTypeDef *
In file included from ../Core/Inc/stm32l4xx_hal_conf.h:410,
                 from ../Drivers/STM32L4xx_HAL_Driver/Inc/stm32l4xx_hal.h:29,
                 from ../Core/Inc/main.h:30,
                 from ../Core/Src/main.c:20:
../Drivers/STM32L4xx_HAL_Driver/Inc/stm32l4xx_hal_rtc.h:933:77: note: expected 'RTC_DateTypeDef *' but argument is of type 'RTC_TimeTypeDef *'
  933 | HAL_StatusTypeDef HAL_RTC_GetDate(RTC_HandleTypeDef *hrtc, RTC_DateTypeDef *sDate, uint32_t Format);
      |                                                            ~~~~~~~~~~~~~~~~~^~~~~
../Core/Src/main.c: In function 'gameOver':
../Core/Src/main.c:174:48: warning: passing argument 2 of 'HAL_RTC_GetDate' from incompatible pointer type [-Wincompatible-pointer-types]
  174 |                         HAL_RTC_GetDate(&hrtc, &date, RTC_FORMAT_BIN);
      |                                                ^~~~~
      |                                                |
      |                                                RTC_TimeTypeDef *
In file included from ../Core/Inc/stm32l4xx_hal_conf.h:410,
                 from ../Drivers/STM32L4xx_HAL_Driver/Inc/stm32l4xx_hal.h:29,
                 from ../Core/Inc/main.h:30,
                 from ../Core/Src/main.c:20:
../Drivers/STM32L4xx_HAL_Driver/Inc/stm32l4xx_hal_rtc.h:933:77: note: expected 'RTC_DateTypeDef *' but argument is of type 'RTC_TimeTypeDef *'
  933 | HAL_StatusTypeDef HAL_RTC_GetDate(RTC_HandleTypeDef *hrtc, RTC_DateTypeDef *sDate, uint32_t Format);
      |                                                            ~~~~~~~~~~~~~~~~~^~~~~
../Core/Src/main.c:166:14: warning: unused variable 'string' [-Wunused-variable]
  166 |         char string[16];
      |              ^~~~~~
arm-none-eabi-gcc -o "Timberman.elf" @"objects.list"   -mcpu=cortex-m4 -T"C:\nonSystem\IT\Code\STM32\TimbermanAK\Timberman\STM32L476RGTX_FLASH.ld" --specs=nosys.specs -Wl,-Map="Timberman.map" -Wl,--gc-sections -static --specs=nano.specs -mfpu=fpv4-sp-d16 -mfloat-abi=hard -mthumb -Wl,--start-group -lc -lm -Wl,--end-group
Finished building target: Timberman.elf
 
arm-none-eabi-size   Timberman.elf 
arm-none-eabi-objdump -h -S  Timberman.elf  > "Timberman.list"
   text	   data	    bss	    dec	    hex	filename
  21876	    100	   2068	  24044	   5dec	Timberman.elf
Finished building: default.size.stdout
 
Finished building: Timberman.list
 

21:44:08 Build Finished. 0 errors, 3 warnings. (took 1s.194ms)

